// Jest Snapshot v1, https://goo.gl/fbAQLP

exports[`App App Snap Test should render correctly 1`] = `
<Provider
  store={
    Object {
      "@@observable": [Function],
      "dispatch": [Function],
      "getState": [Function],
      "replaceReducer": [Function],
      "subscribe": [Function],
    }
  }
>
  <NavigationProvider />
</Provider>
`;
